build-release	Restore and compile full solution	﻿2026-08-18T12:55:48.2487261Z ##[group]Run dotnet restore MerzoStream.NetHost.sln
build-release	Restore and compile full solution	2026-08-18T12:55:48.2487748Z ^[[36;1mdotnet restore MerzoStream.NetHost.sln^[[0m
build-release	Restore and compile full solution	2026-08-18T12:55:48.2488144Z ^[[36;1mif($LASTEXITCODE -ne 0){throw 'dotnet restore failed'}^[[0m
build-release	Restore and compile full solution	2026-08-18T12:55:48.2488593Z ^[[36;1mdotnet build MerzoStream.NetHost.sln -c Release --no-restore^[[0m
build-release	Restore and compile full solution	2026-08-18T12:55:48.2489021Z ^[[36;1mif($LASTEXITCODE -ne 0){throw 'dotnet build failed'}^[[0m
build-release	Restore and compile full solution	2026-08-18T12:55:48.2557109Z shell: C:\Program Files\PowerShell\7\pwsh.EXE -command ". '{0}'"
build-release	Restore and compile full solution	2026-08-18T12:55:48.2557463Z env:
build-release	Restore and compile full solution	2026-08-18T12:55:48.2557664Z   DOTNET_ROOT: C:\Program Files\dotnet
build-release	Restore and compile full solution	2026-08-18T12:55:48.2557955Z   MERZO_SRC: D:\a\_temp\merzostream-010m-src
build-release	Restore and compile full solution	2026-08-18T12:55:48.2558235Z ##[endgroup]
build-release	Restore and compile full solution	2026-08-18T12:55:50.1546310Z   Determining projects to restore...
build-release	Restore and compile full solution	2026-08-18T12:55:50.7317977Z   Restored D:\a\_temp\merzostream-010m-src\src\MerzoStream.Setup\MerzoStream.Setup.csproj (in 165 ms).
build-release	Restore and compile full solution	2026-08-18T12:55:50.7324792Z   Restored D:\a\_temp\merzostream-010m-src\src\MerzoStream.Foundation\MerzoStream.Foundation.csproj (in 165 ms).
build-release	Restore and compile full solution	2026-08-18T12:55:50.7327986Z   Restored D:\a\_temp\merzostream-010m-src\tools\MerzoStream.Foundation.SelfTest\MerzoStream.Foundation.SelfTest.csproj (in 166 ms).
build-release	Restore and compile full solution	2026-08-18T12:55:53.0296275Z   Restored D:\a\_temp\merzostream-010m-src\src\MerzoStream.Host\MerzoStream.Host.csproj (in 2.49 sec).
build-release	Restore and compile full solution	2026-08-18T12:55:59.8248689Z   MerzoStream.Setup -> D:\a\_temp\merzostream-010m-src\src\MerzoStream.Setup\bin\Release\net10.0-windows\MerzoStreamSuite.Setup.dll
build-release	Restore and compile full solution	2026-08-18T12:55:59.8722692Z ##[error]D:\a\_temp\merzostream-010m-src\src\MerzoStream.Foundation\Services\StreamerBotService.cs(321,62): error CS0136: A local or parameter named 'viewerName' cannot be declared in this scope because that name is used in an enclosing local scope to define a local or parameter [D:\a\_temp\merzostream-010m-src\src\MerzoStream.Foundation\MerzoStream.Foundation.csproj]
build-release	Restore and compile full solution	2026-08-18T12:55:59.9042841Z ##[warning]D:\a\_temp\merzostream-010m-src\src\MerzoStream.Foundation\Services\UpdateService.cs(429,24): warning CA1416: This call site is reachable on all platforms. 'Type.GetTypeFromProgID(string)' is only supported on: 'windows'. (https://learn.microsoft.com/dotnet/fundamentals/code-analysis/quality-rules/ca1416) [D:\a\_temp\merzostream-010m-src\src\MerzoStream.Foundation\MerzoStream.Foundation.csproj]
build-release	Restore and compile full solution	2026-08-18T12:56:01.2394223Z 
build-release	Restore and compile full solution	2026-08-18T12:56:01.2397186Z Build FAILED.
build-release	Restore and compile full solution	2026-08-18T12:56:01.2397763Z 
build-release	Restore and compile full solution	2026-08-18T12:56:01.2407717Z ##[warning]D:\a\_temp\merzostream-010m-src\src\MerzoStream.Foundation\Services\UpdateService.cs(429,24): warning CA1416: This call site is reachable on all platforms. 'Type.GetTypeFromProgID(string)' is only supported on: 'windows'. (https://learn.microsoft.com/dotnet/fundamentals/code-analysis/quality-rules/ca1416) [D:\a\_temp\merzostream-010m-src\src\MerzoStream.Foundation\MerzoStream.Foundation.csproj]
build-release	Restore and compile full solution	2026-08-18T12:56:01.2420438Z ##[error]D:\a\_temp\merzostream-010m-src\src\MerzoStream.Foundation\Services\StreamerBotService.cs(321,62): error CS0136: A local or parameter named 'viewerName' cannot be declared in this scope because that name is used in an enclosing local scope to define a local or parameter [D:\a\_temp\merzostream-010m-src\src\MerzoStream.Foundation\MerzoStream.Foundation.csproj]
build-release	Restore and compile full solution	2026-08-18T12:56:01.2459544Z     1 Warning(s)
build-release	Restore and compile full solution	2026-08-18T12:56:01.2480412Z     1 Error(s)
build-release	Restore and compile full solution	2026-08-18T12:56:01.2499713Z 
build-release	Restore and compile full solution	2026-08-18T12:56:01.2523297Z Time Elapsed 00:00:07.81
build-release	Restore and compile full solution	2026-08-18T12:56:02.0345749Z ^[[31;1mException: ^[[0mD:\a\_temp\5c49c668-9492-4c38-817a-11cf3331e0d6.ps1:5^[[0m
build-release	Restore and compile full solution	2026-08-18T12:56:02.0347974Z ^[[31;1m^[[0m^[[36;1mLine |^[[0m
build-release	Restore and compile full solution	2026-08-18T12:56:02.0349949Z ^[[31;1m^[[0m^[[36;1m^[[36;1m   5 | ^[[0m if($LASTEXITCODE -ne 0){^[[36;1mthrow 'dotnet build failed'^[[0m}^[[0m
build-release	Restore and compile full solution	2026-08-18T12:56:02.0352218Z ^[[31;1m^[[0m^[[36;1m^[[36;1m^[[0m^[[36;1m^[[0m^[[36;1m     | ^[[31;1m                         ~~~~~~~~~~~~~~~~~~~~~~~~~~~^[[0m
build-release	Restore and compile full solution	2026-08-18T12:56:02.0354440Z ^[[31;1m^[[0m^[[36;1m^[[36;1m^[[0m^[[36;1m^[[0m^[[36;1m^[[31;1m^[[31;1m^[[36;1m     | ^[[31;1mdotnet build failed^[[0m
build-release	Restore and compile full solution	2026-08-18T12:56:02.0724147Z ##[error]Process completed with exit code 1.
