build-release	Restore and compile full solution	﻿2026-08-18T15:41:29.2227065Z ##[group]Run dotnet restore MerzoStream.NetHost.sln
build-release	Restore and compile full solution	2026-08-18T15:41:29.2227856Z ^[[36;1mdotnet restore MerzoStream.NetHost.sln^[[0m
build-release	Restore and compile full solution	2026-08-18T15:41:29.2228232Z ^[[36;1mif($LASTEXITCODE -ne 0){throw 'dotnet restore failed'}^[[0m
build-release	Restore and compile full solution	2026-08-18T15:41:29.2228662Z ^[[36;1mdotnet build MerzoStream.NetHost.sln -c Release --no-restore^[[0m
build-release	Restore and compile full solution	2026-08-18T15:41:29.2229074Z ^[[36;1mif($LASTEXITCODE -ne 0){throw 'dotnet build failed'}^[[0m
build-release	Restore and compile full solution	2026-08-18T15:41:29.2303853Z shell: C:\Program Files\PowerShell\7\pwsh.EXE -command ". '{0}'"
build-release	Restore and compile full solution	2026-08-18T15:41:29.2304214Z env:
build-release	Restore and compile full solution	2026-08-18T15:41:29.2304412Z   DOTNET_ROOT: C:\Program Files\dotnet
build-release	Restore and compile full solution	2026-08-18T15:41:29.2304690Z   MERZO_SRC: D:\a\_temp\merzostream-010n-src
build-release	Restore and compile full solution	2026-08-18T15:41:29.2304951Z ##[endgroup]
build-release	Restore and compile full solution	2026-08-18T15:41:31.7761197Z   Determining projects to restore...
build-release	Restore and compile full solution	2026-08-18T15:41:32.4927816Z   Restored D:\a\_temp\merzostream-010n-src\src\MerzoStream.Foundation\MerzoStream.Foundation.csproj (in 195 ms).
build-release	Restore and compile full solution	2026-08-18T15:41:32.4947694Z   Restored D:\a\_temp\merzostream-010n-src\src\MerzoStream.Setup\MerzoStream.Setup.csproj (in 195 ms).
build-release	Restore and compile full solution	2026-08-18T15:41:32.4971520Z   Restored D:\a\_temp\merzostream-010n-src\tools\MerzoStream.Foundation.SelfTest\MerzoStream.Foundation.SelfTest.csproj (in 198 ms).
build-release	Restore and compile full solution	2026-08-18T15:41:34.1475118Z   Restored D:\a\_temp\merzostream-010n-src\src\MerzoStream.Host\MerzoStream.Host.csproj (in 1.88 sec).
build-release	Restore and compile full solution	2026-08-18T15:41:39.6513774Z ##[error]D:\a\_temp\merzostream-010n-src\src\MerzoStream.Foundation\Services\StreamerBotService.cs(272,30): error CS0136: A local or parameter named 'name' cannot be declared in this scope because that name is used in an enclosing local scope to define a local or parameter [D:\a\_temp\merzostream-010n-src\src\MerzoStream.Foundation\MerzoStream.Foundation.csproj]
build-release	Restore and compile full solution	2026-08-18T15:41:39.6542016Z ##[error]D:\a\_temp\merzostream-010n-src\src\MerzoStream.Foundation\Services\StreamerBotService.cs(274,30): error CS0136: A local or parameter named 'name' cannot be declared in this scope because that name is used in an enclosing local scope to define a local or parameter [D:\a\_temp\merzostream-010n-src\src\MerzoStream.Foundation\MerzoStream.Foundation.csproj]
build-release	Restore and compile full solution	2026-08-18T15:41:39.6550199Z ##[warning]D:\a\_temp\merzostream-010n-src\src\MerzoStream.Foundation\Services\UpdateService.cs(429,24): warning CA1416: This call site is reachable on all platforms. 'Type.GetTypeFromProgID(string)' is only supported on: 'windows'. (https://learn.microsoft.com/dotnet/fundamentals/code-analysis/quality-rules/ca1416) [D:\a\_temp\merzostream-010n-src\src\MerzoStream.Foundation\MerzoStream.Foundation.csproj]
build-release	Restore and compile full solution	2026-08-18T15:41:39.8435596Z   MerzoStream.Setup -> D:\a\_temp\merzostream-010n-src\src\MerzoStream.Setup\bin\Release\net10.0-windows\MerzoStreamSuite.Setup.dll
build-release	Restore and compile full solution	2026-08-18T15:41:39.8827615Z 
build-release	Restore and compile full solution	2026-08-18T15:41:39.8876087Z Build FAILED.
build-release	Restore and compile full solution	2026-08-18T15:41:39.8908338Z 
build-release	Restore and compile full solution	2026-08-18T15:41:39.8937570Z ##[warning]D:\a\_temp\merzostream-010n-src\src\MerzoStream.Foundation\Services\UpdateService.cs(429,24): warning CA1416: This call site is reachable on all platforms. 'Type.GetTypeFromProgID(string)' is only supported on: 'windows'. (https://learn.microsoft.com/dotnet/fundamentals/code-analysis/quality-rules/ca1416) [D:\a\_temp\merzostream-010n-src\src\MerzoStream.Foundation\MerzoStream.Foundation.csproj]
build-release	Restore and compile full solution	2026-08-18T15:41:39.9002339Z ##[error]D:\a\_temp\merzostream-010n-src\src\MerzoStream.Foundation\Services\StreamerBotService.cs(272,30): error CS0136: A local or parameter named 'name' cannot be declared in this scope because that name is used in an enclosing local scope to define a local or parameter [D:\a\_temp\merzostream-010n-src\src\MerzoStream.Foundation\MerzoStream.Foundation.csproj]
build-release	Restore and compile full solution	2026-08-18T15:41:39.9066653Z ##[error]D:\a\_temp\merzostream-010n-src\src\MerzoStream.Foundation\Services\StreamerBotService.cs(274,30): error CS0136: A local or parameter named 'name' cannot be declared in this scope because that name is used in an enclosing local scope to define a local or parameter [D:\a\_temp\merzostream-010n-src\src\MerzoStream.Foundation\MerzoStream.Foundation.csproj]
build-release	Restore and compile full solution	2026-08-18T15:41:39.9096607Z     1 Warning(s)
build-release	Restore and compile full solution	2026-08-18T15:41:39.9107982Z     2 Error(s)
build-release	Restore and compile full solution	2026-08-18T15:41:39.9109388Z 
build-release	Restore and compile full solution	2026-08-18T15:41:39.9110091Z Time Elapsed 00:00:05.35
build-release	Restore and compile full solution	2026-08-18T15:41:40.4030155Z ^[[31;1mException: ^[[0mD:\a\_temp\23ef4c74-ec0b-4f51-8e68-1eaf97d49186.ps1:5^[[0m
build-release	Restore and compile full solution	2026-08-18T15:41:40.4031019Z ^[[31;1m^[[0m^[[36;1mLine |^[[0m
build-release	Restore and compile full solution	2026-08-18T15:41:40.4031750Z ^[[31;1m^[[0m^[[36;1m^[[36;1m   5 | ^[[0m if($LASTEXITCODE -ne 0){^[[36;1mthrow 'dotnet build failed'^[[0m}^[[0m
build-release	Restore and compile full solution	2026-08-18T15:41:40.4032751Z ^[[31;1m^[[0m^[[36;1m^[[36;1m^[[0m^[[36;1m^[[0m^[[36;1m     | ^[[31;1m                         ~~~~~~~~~~~~~~~~~~~~~~~~~~~^[[0m
build-release	Restore and compile full solution	2026-08-18T15:41:40.4033665Z ^[[31;1m^[[0m^[[36;1m^[[36;1m^[[0m^[[36;1m^[[0m^[[36;1m^[[31;1m^[[31;1m^[[36;1m     | ^[[31;1mdotnet build failed^[[0m
build-release	Restore and compile full solution	2026-08-18T15:41:40.4558368Z ##[error]Process completed with exit code 1.
